Microchip MPLAB XC8 Compiler V3.10

Linker command line:

-W-3 \
  --edf=C:\Program Files\Microchip\xc8\v3.10\pic\dat\20250813170317_en.msgs \
  -cn -h+dist/default/production\CBB_ecu2.X.production.sym \
  --cmf=dist/default/production\CBB_ecu2.X.production.cmf -z -Q18F4580 \
  -oC:\Users\sakth\AppData\Local\Temp\xcAsa1c.0\driver_tmp_3.o \
  --defsym=__MPLAB_BUILD=1 --fixupoverflow=error \
  -Mdist/default/production/CBB_ecu2.X.production.map \
  --md=C:\Users\sakth\AppData\Local\Temp\xcAsa1c.0\driver_tmp_0.dat -E1 \
  -ver=XC8 Compiler -ACODE=00h-07FFFh -ACONST=00h-07FFFh \
  -ASMALLCONST=0600h-06FFhx122 -AMEDIUMCONST=0600h-07FFFh -ACOMRAM=01h-05Fh \
  -AABS1=00h-05FFh -ABIGRAM=01h-05FFh -ARAM=060h-0FFh,0100h-01FFhx5 \
  -ABANK0=060h-0FFh -ABANK1=0100h-01FFh -ABANK2=0200h-02FFh \
  -ABANK3=0300h-03FFh -ABANK4=0400h-04FFh -ABANK5=0500h-05FFh \
  -ASFR=0D00h-0DFFhx2,0F00h-0F5Fh,0F60h-0FFFh -ABIGSFR=0D00h-0FFFh \
  -ACONFIG=0300000h-030000Dh -AIDLOC=0200000h-0200007h \
  -AEEDATA=0F00000h-0F000FFh -peeprom_data=EEDATA \
  -preset_vec=00h,intcode=8h,intcodelo=18h,sivt_lo,sivt_hi=CODE \
  -ppowerup=CODE,init -pramtop=0600h -psmallconst=SMALLCONST \
  -pmediumconst=MEDIUMCONST -pconst=CONST -AFARRAM=00h-00h \
  -prdata=COMRAM,nvrram=COMRAM,nvbit=COMRAM,rbss=COMRAM,rbit=COMRAM \
  -pfarbss=FARRAM,fardata=FARRAM,nvFARRAM=FARRAM \
  -pintsave_regs=BIGRAM,bigbss=BIGRAM,bigdata=BIGRAM -pbss=RAM \
  -pidata=CODE,irdata=CODE,ibigdata=CODE,ifardata=CODE -prparam=COMRAM \
  C:\Users\sakth\AppData\Local\Temp\xcAsa1c.0\driver_tmp_9.o \
  dist/default/production\CBB_ecu2.X.production.o 

Object code version is 3.11

Machine type is 18F4580



                Name                               Link     Load   Length Selector   Space Scale
C:\Users\sakth\AppData\Local\Temp\xcAsa1c.0\driver_tmp_9.o
                init                               7FFC     7FFC        4     3FFE       0
                reset_vec                             0        0        4        0       0
dist/default/production\CBB_ecu2.X.production.o
                smallconst                          600      600        2      300       0
                text34                              8FA      8FA       C0      301       0
                text33                              9BA      9BA       AE      301       0
                text32                              C12      C12       72      301       0
                text31                              CF0      CF0       64      301       0
                text30                             1050     1050       16      301       0
                text29                              B0E      B0E       90      301       0
                text28                              DA2      DA2       48      301       0
                text27                              7F2      7F2      108      301       0
                text26                              B9E      B9E       74      301       0
                text25                              C84      C84       6C      301       0
                text24                             1004     1004       1C      301       0
                text23                              D54      D54       4E      301       0
                text22                              E30      E30       3A      301       0
                text21                              A68      A68       A6      301       0
                text20                             1078     1078       12      301       0
                text19                             10BA     10BA        8      301       0
                text18                             10B2     10B2        8      301       0
                text17                             1096     1096        C      301       0
                text16                              FE6      FE6       1E      301       0
                text15                              E6A      E6A       34      301       0
                text14                             103A     103A       16      301       0
                text13                             1066     1066       12      301       0
                text12                             1020     1020       1A      301       0
                text11                              DEA      DEA       46      301       0
                text10                              F66      F66       32      301       0
                text9                               F34      F34       32      301       0
                text8                               F02      F02       32      301       0
                text7                              10C2     10C2        6      301       0
                text6                              10AA     10AA        8      301       0
                text5                              108A     108A        C      301       0
                text4                              10A2     10A2        8      301       0
                text3                               F98      F98       2A      301       0
                text2                               ED0      ED0       32      301       0
                text1                               E9E      E9E       32      301       0
                text0                               602      602      1F0      301       0
                cstackCOMRAM                          1        1       1F        1       1
                dataCOMRAM                           34       34        1        1       1
                bssCOMRAM                            20       20       14        1       1
                cinit                               FC2      FC2       24      301       0
                idataCOMRAM                        10C8     10C8        1      301       0

TOTAL           Name                               Link     Load   Length     Space
        CLASS   CODE           
                init                               7FFC     7FFC        4         0
                reset_vec                             0        0        4         0
                text34                              8FA      8FA       C0         0
                text33                              9BA      9BA       AE         0
                text32                              C12      C12       72         0
                text31                              CF0      CF0       64         0
                text30                             1050     1050       16         0
                text29                              B0E      B0E       90         0
                text28                              DA2      DA2       48         0
                text27                              7F2      7F2      108         0
                text26                              B9E      B9E       74         0
                text25                              C84      C84       6C         0
                text24                             1004     1004       1C         0
                text23                              D54      D54       4E         0
                text22                              E30      E30       3A         0
                text21                              A68      A68       A6         0
                text20                             1078     1078       12         0
                text19                             10BA     10BA        8         0
                text18                             10B2     10B2        8         0
                text17                             1096     1096        C         0
                text16                              FE6      FE6       1E         0
                text15                              E6A      E6A       34         0
                text14                             103A     103A       16         0
                text13                             1066     1066       12         0
                text12                             1020     1020       1A         0
                text11                              DEA      DEA       46         0
                text10                              F66      F66       32         0
                text9                               F34      F34       32         0
                text8                               F02      F02       32         0
                text7                              10C2     10C2        6         0
                text6                              10AA     10AA        8         0
                text5                              108A     108A        C         0
                text4                              10A2     10A2        8         0
                text3                               F98      F98       2A         0
                text2                               ED0      ED0       32         0
                text1                               E9E      E9E       32         0
                text0                               602      602      1F0         0
                cinit                               FC2      FC2       24         0
                idataCOMRAM                        10C8     10C8        1         0

        CLASS   CONST          

        CLASS   SMALLCONST     
                smallconst                          600      600        2         0

        CLASS   MEDIUMCONST    

        CLASS   COMRAM         
                cstackCOMRAM                          1        1       1F         1
                dataCOMRAM                           34       34        1         1
                bssCOMRAM                            20       20       14         1

        CLASS   ABS1           

        CLASS   BIGRAM         

        CLASS   RAM            

        CLASS   BANK0          

        CLASS   BANK1          

        CLASS   BANK2          

        CLASS   BANK3          

        CLASS   BANK4          

        CLASS   BANK5          

        CLASS   SFR            

        CLASS   BIGSFR         

        CLASS   CONFIG         

        CLASS   IDLOC          

        CLASS   EEDATA         

        CLASS   FARRAM         

        CLASS   HEAP           

        CLASS   STACK          



SEGMENTS        Name                           Load    Length   Top    Selector   Space  Class

                reset_vec                      000000  000004  000004         0       0  CODE    
                cstackCOMRAM                   000001  000034  000035         1       1  COMRAM  
                smallconst                     000600  000002  000602       300       0  SMALLCON
                text0                          000602  000AC7  0010C9       301       0  CODE    
                init                           007FFC  000004  008000      3FFE       0  CODE    


UNUSED ADDRESS RANGES

        Name                Unused          Largest block    Delta
        BANK0            0060-00FF             A0
        BANK1            0100-01FF            100
        BANK2            0200-02FF            100
        BANK3            0300-03FF            100
        BANK4            0400-04FF            100
        BANK5            0500-05FF            100
        BIGRAM           0035-05FF            5CB
        BIGSFR           0D00-0FFF            300
        CODE             0004-05FF            5FC
                         10C9-7FFB           6F33
        COMRAM           0035-005F             2B
        CONFIG           300000-30000D              E
        CONST            0004-05FF            5FC
                         10C9-7FFB           6F33
        EEDATA           F00000-F000FF            100
        IDLOC            200000-200007              8
        MEDIUMCONST      10C9-7FFB           6F33
        RAM              0060-05FF            100
        SFR              0D00-0FFF            100
        SMALLCONST       10C9-7FFB            100

                                  Symbol Table

?___awdiv                    cstackCOMRAM 0001
?___awmod                    cstackCOMRAM 0001
?___lwdiv                    cstackCOMRAM 0001
?___lwmod                    cstackCOMRAM 0008
?_read_adc                   cstackCOMRAM 0001
_ACKDT                       (abs)        7E2D
_ACKEN                       (abs)        7E2C
_ACKSTAT                     (abs)        7E2E
_ACQT0                       (abs)        7E03
_ACQT1                       (abs)        7E04
_ACQT2                       (abs)        7E05
_ADCON0                      (abs)        0FC2
_ADCON1                      (abs)        0FC1
_ADCS0                       (abs)        7E00
_ADCS1                       (abs)        7E01
_ADCS2                       (abs)        7E02
_ADFM                        (abs)        7E07
_ADON                        (abs)        7E10
_ADRESH                      (abs)        0FC4
_ADRESL                      (abs)        0FC3
_BCLIF                       (abs)        7D0B
_BRGCON1                     (abs)        0F70
_BRGCON2                     (abs)        0F71
_BRGCON3                     (abs)        0F72
_CANCON                      (abs)        0F6F
_CANSTAT                     (abs)        0F6E
_CKE                         (abs)        7E3E
_ECANCON                     (abs)        0F77
_GO                          (abs)        7E11
_GODONE                      (abs)        7E11
_PEN                         (abs)        7E2A
_PORTB                       (abs)        0F81
_PORTBbits                   (abs)        0F81
_PORTD                       (abs)        0F83
_RBPU                        (abs)        7F8F
_RC0                         (abs)        7C10
_RC1                         (abs)        7C11
_RC2                         (abs)        7C12
_RCEN                        (abs)        7E2B
_RD7                         (abs)        7C1F
_RSEN                        (abs)        7E29
_RXB0CON                     (abs)        0F60
_RXFCON0                     (abs)        0DD4
_SEN                         (abs)        7E28
_SMP                         (abs)        7E3F
_SSPADD                      (abs)        0FC8
_SSPBUF                      (abs)        0FC9
_SSPCON1                     (abs)        0FC6
_SSPIF                       (abs)        7CF3
_TRISB                       (abs)        0F93
_TRISB2                      (abs)        7C9A
_TRISB3                      (abs)        7C9B
_TRISC                       (abs)        0F94
_TRISC3                      (abs)        7CA3
_TRISC4                      (abs)        7CA4
_TRISD                       (abs)        0F95
_TRISD7                      (abs)        7CAF
_TXB0D0                      (abs)        0F46
_TXB0D1                      (abs)        0F47
_TXB0D2                      (abs)        0F48
_TXB0D3                      (abs)        0F49
_TXB0D4                      (abs)        0F4A
_TXB0D5                      (abs)        0F4B
_TXB0D6                      (abs)        0F4C
_TXB0D7                      (abs)        0F4D
_TXB0DLC                     (abs)        0F45
_TXB0EIDH                    (abs)        0F43
_TXB0EIDL                    (abs)        0F44
_TXB0REQ                     (abs)        7A03
_TXB0SIDH                    (abs)        0F41
_TXB0SIDL                    (abs)        0F42
_VCFG0                       (abs)        7E0C
_VCFG1                       (abs)        7E0D
__HRAM                       (abs)        0000
__H__absolute__              __absolute__ 0000
__Habs1                      abs1         0000
__Hbank0                     bank0        0000
__Hbank1                     bank1        0000
__Hbank2                     bank2        0000
__Hbank3                     bank3        0000
__Hbank4                     bank4        0000
__Hbank5                     bank5        0000
__Hbigbss                    bigbss       0000
__Hbigdata                   bigdata      0000
__Hbigram                    bigram       0000
__Hbigsfr                    bigsfr       0000
__Hbss                       bss          0000
__HbssCOMRAM                 bssCOMRAM    0000
__Hcinit                     cinit        0000
__Hclrtext                   clrtext      0000
__Hcomram                    comram       0000
__Hconfig                    config       0000
__Hconst                     const        0000
__HcstackCOMRAM              cstackCOMRAM 0000
__Hdata                      data         0000
__HdataCOMRAM                dataCOMRAM   0000
__Heeprom_data               eeprom_data  0000
__Hfarbss                    farbss       0000
__Hfardata                   fardata      0000
__Hheap                      heap         0000
__Hibigdata                  ibigdata     0000
__Hidata                     idata        0000
__HidataCOMRAM               idataCOMRAM  0000
__Hidloc                     idloc        0000
__Hifardata                  ifardata     0000
__Hinit                      init         8000
__Hintcode                   intcode      0008
__Hintcode_body              intcode_body 0000
__Hintcodelo                 intcodelo    0018
__Hintentry                  intentry     0000
__Hintret                    intret       0000
__Hintsave_regs              intsave_regs 0000
__Hirdata                    irdata       0000
__Hmediumconst               mediumconst  0000
__HnvFARRAM                  nvFARRAM     0000
__Hnvbit                     nvbit        0000
__Hnvrram                    nvrram       0000
__Hparam                     rparam       0000
__Hpowerup                   powerup      0000
__Hram                       ram          0000
__Hramtop                    ramtop       0600
__Hrbit                      rbit         0000
__Hrbss                      rbss         0000
__Hrdata                     rdata        0000
__Hreset_vec                 reset_vec    0004
__Hrparam                    rparam       0000
__Hsfr                       sfr          0000
__Hsivt_hi                   sivt_hi      0000
__Hsivt_lo                   sivt_lo      0018
__Hsmallconst                smallconst   0602
__Hspace_0                   (abs)        8000
__Hspace_1                   (abs)        0035
__Hspace_2                   (abs)        0000
__Hspace_4                   (abs)        0000
__Hstack                     stack        0000
__Hstruct                    struct       0000
__Htemp                      temp         0000
__Htext                      text         0000
__Htext0                     text0        0000
__Htext1                     text1        0000
__Htext10                    text10       0000
__Htext11                    text11       0000
__Htext12                    text12       0000
__Htext13                    text13       0000
__Htext14                    text14       0000
__Htext15                    text15       0000
__Htext16                    text16       0000
__Htext17                    text17       0000
__Htext18                    text18       0000
__Htext19                    text19       0000
__Htext2                     text2        0000
__Htext20                    text20       0000
__Htext21                    text21       0000
__Htext22                    text22       0000
__Htext23                    text23       0000
__Htext24                    text24       0000
__Htext25                    text25       0000
__Htext26                    text26       0000
__Htext27                    text27       0000
__Htext28                    text28       0000
__Htext29                    text29       0000
__Htext3                     text3        0000
__Htext30                    text30       0000
__Htext31                    text31       0000
__Htext32                    text32       0000
__Htext33                    text33       0000
__Htext34                    text34       0000
__Htext4                     text4        0000
__Htext5                     text5        0000
__Htext6                     text6        0000
__Htext7                     text7        0000
__Htext8                     text8        0000
__Htext9                     text9        0000
__LRAM                       (abs)        0001
__L__absolute__              __absolute__ 0000
__Labs1                      abs1         0000
__Lbank0                     bank0        0000
__Lbank1                     bank1        0000
__Lbank2                     bank2        0000
__Lbank3                     bank3        0000
__Lbank4                     bank4        0000
__Lbank5                     bank5        0000
__Lbigbss                    bigbss       0000
__Lbigdata                   bigdata      0000
__Lbigram                    bigram       0000
__Lbigsfr                    bigsfr       0000
__Lbss                       bss          0000
__LbssCOMRAM                 bssCOMRAM    0000
__Lcinit                     cinit        0000
__Lclrtext                   clrtext      0000
__Lcomram                    comram       0000
__Lconfig                    config       0000
__Lconst                     const        0000
__LcstackCOMRAM              cstackCOMRAM 0000
__Ldata                      data         0000
__LdataCOMRAM                dataCOMRAM   0000
__Leeprom_data               eeprom_data  0000
__Lfarbss                    farbss       0000
__Lfardata                   fardata      0000
__Lheap                      heap         0000
__Libigdata                  ibigdata     0000
__Lidata                     idata        0000
__LidataCOMRAM               idataCOMRAM  0000
__Lidloc                     idloc        0000
__Lifardata                  ifardata     0000
__Linit                      init         7FFC
__Lintcode                   intcode      0008
__Lintcode_body              intcode_body 0000
__Lintcodelo                 intcodelo    0018
__Lintentry                  intentry     0000
__Lintret                    intret       0000
__Lintsave_regs              intsave_regs 0000
__Lirdata                    irdata       0000
__Lmediumconst               mediumconst  0000
__LnvFARRAM                  nvFARRAM     0000
__Lnvbit                     nvbit        0000
__Lnvrram                    nvrram       0000
__Lparam                     rparam       0000
__Lpowerup                   powerup      0000
__Lram                       ram          0000
__Lramtop                    ramtop       0600
__Lrbit                      rbit         0000
__Lrbss                      rbss         0000
__Lrdata                     rdata        0000
__Lreset_vec                 reset_vec    0000
__Lrparam                    rparam       0000
__Lsfr                       sfr          0000
__Lsivt_hi                   sivt_hi      0000
__Lsivt_lo                   sivt_lo      0018
__Lsmallconst                smallconst   0600
__Lspace_0                   (abs)        0000
__Lspace_1                   (abs)        0000
__Lspace_2                   (abs)        0000
__Lspace_4                   (abs)        0000
__Lstack                     stack        0000
__Lstruct                    struct       0000
__Ltemp                      temp         0000
__Ltext                      text         0000
__Ltext0                     text0        0000
__Ltext1                     text1        0000
__Ltext10                    text10       0000
__Ltext11                    text11       0000
__Ltext12                    text12       0000
__Ltext13                    text13       0000
__Ltext14                    text14       0000
__Ltext15                    text15       0000
__Ltext16                    text16       0000
__Ltext17                    text17       0000
__Ltext18                    text18       0000
__Ltext19                    text19       0000
__Ltext2                     text2        0000
__Ltext20                    text20       0000
__Ltext21                    text21       0000
__Ltext22                    text22       0000
__Ltext23                    text23       0000
__Ltext24                    text24       0000
__Ltext25                    text25       0000
__Ltext26                    text26       0000
__Ltext27                    text27       0000
__Ltext28                    text28       0000
__Ltext29                    text29       0000
__Ltext3                     text3        0000
__Ltext30                    text30       0000
__Ltext31                    text31       0000
__Ltext32                    text32       0000
__Ltext33                    text33       0000
__Ltext34                    text34       0000
__Ltext4                     text4        0000
__Ltext5                     text5        0000
__Ltext6                     text6        0000
__Ltext7                     text7        0000
__Ltext8                     text8        0000
__Ltext9                     text9        0000
__S0                         (abs)        8000
__S1                         (abs)        0035
__S4                         (abs)        0000
__S5                         (abs)        0000
___awdiv                     text34       08FA
___awdiv@counter             cstackCOMRAM 0005
___awdiv@dividend            cstackCOMRAM 0001
___awdiv@divisor             cstackCOMRAM 0003
___awdiv@quotient            cstackCOMRAM 0007
___awdiv@sign                cstackCOMRAM 0006
___awmod                     text33       09BA
___awmod@counter             cstackCOMRAM 0005
___awmod@dividend            cstackCOMRAM 0001
___awmod@divisor             cstackCOMRAM 0003
___awmod@sign                cstackCOMRAM 0006
___heap_hi                   (abs)        0000
___heap_lo                   (abs)        0000
___inthi_sp                  stack        0000
___inthi_stack_hi            stack        0000
___inthi_stack_lo            stack        0000
___intlo_sp                  stack        0000
___intlo_stack_hi            stack        0000
___intlo_stack_lo            stack        0000
___lwdiv                     text32       0C12
___lwdiv@counter             cstackCOMRAM 0007
___lwdiv@dividend            cstackCOMRAM 0001
___lwdiv@divisor             cstackCOMRAM 0003
___lwdiv@quotient            cstackCOMRAM 0005
___lwmod                     text31       0CF0
___lwmod@counter             cstackCOMRAM 000C
___lwmod@dividend            cstackCOMRAM 0008
___lwmod@divisor             cstackCOMRAM 000A
___param_bank                (abs)        0000
___rparam_used               (abs)        0001
___sp                        stack        0000
___stack_hi                  stack        0000
___stack_lo                  stack        0000
__accesstop                  (abs)        0060
__activetblptr               (abs)        0000
__end_of___awdiv             text34       09BA
__end_of___awmod             text33       0A68
__end_of___lwdiv             text32       0C84
__end_of___lwmod             text31       0D54
__end_of__initialization     cinit        0FE0
__end_of_bcd_to_dec          text30       1066
__end_of_can_transmit        text29       0B9E
__end_of_clcd_write          text22       0E6A
__end_of_delay               text28       0DEA
__end_of_get_gear            text25       0CF0
__end_of_i2c_idle            text20       108A
__end_of_i2c_no_ack          text7        10C8
__end_of_i2c_read            text5        1096
__end_of_i2c_rep_start       text4        10AA
__end_of_i2c_rx_mode         text6        10B2
__end_of_i2c_start           text19       10C2
__end_of_i2c_stop            text18       10BA
__end_of_i2c_write           text17       10A2
__end_of_init_adc            text24       1020
__end_of_init_can            text23       0DA2
__end_of_init_clcd           text21       0B0E
__end_of_init_config         text12       103A
__end_of_init_ds1307         text15       0E9E
__end_of_init_i2c            text14       1050
__end_of_init_matrix_keypad  text13       1078
__end_of_main                text0        07F2
__end_of_read_adc            text11       0E30
__end_of_read_brake          text10       0F98
__end_of_read_col            text9        0F66
__end_of_read_door_lock      text8        0F34
__end_of_read_ds1307         text3        0FC2
__end_of_read_engine         text2        0F02
__end_of_read_seat_belt      text1        0ED0
__end_of_read_switches       text26       0C12
__end_of_scan_key            text27       08FA
__end_of_write_ds1307        text16       1004
__initialization             cinit        0FC2
__mediumconst                smallconst   0600
__pbssCOMRAM                 bssCOMRAM    0020
__pcinit                     cinit        0FC2
__pcstackCOMRAM              cstackCOMRAM 0001
__pdataCOMRAM                dataCOMRAM   0034
__pidataCOMRAM               idataCOMRAM  10C8
__psmallconst                smallconst   0600
__ptext0                     text0        0602
__ptext1                     text1        0E9E
__ptext10                    text10       0F66
__ptext11                    text11       0DEA
__ptext12                    text12       1020
__ptext13                    text13       1066
__ptext14                    text14       103A
__ptext15                    text15       0E6A
__ptext16                    text16       0FE6
__ptext17                    text17       1096
__ptext18                    text18       10B2
__ptext19                    text19       10BA
__ptext2                     text2        0ED0
__ptext20                    text20       1078
__ptext21                    text21       0A68
__ptext22                    text22       0E30
__ptext23                    text23       0D54
__ptext24                    text24       1004
__ptext25                    text25       0C84
__ptext26                    text26       0B9E
__ptext27                    text27       07F2
__ptext28                    text28       0DA2
__ptext29                    text29       0B0E
__ptext3                     text3        0F98
__ptext30                    text30       1050
__ptext31                    text31       0CF0
__ptext32                    text32       0C12
__ptext33                    text33       09BA
__ptext34                    text34       08FA
__ptext4                     text4        10A2
__ptext5                     text5        108A
__ptext6                     text6        10AA
__ptext7                     text7        10C2
__ptext8                     text8        0F02
__ptext9                     text9        0F34
__ramtop                     ramtop       0600
__smallconst                 smallconst   0600
_bcd_to_dec                  text30       1050
_belt_sts                    bssCOMRAM    0032
_brake_sts                   bssCOMRAM    0030
_can_payload                 bssCOMRAM    0020
_can_transmit                text29       0B0E
_clcd_write                  text22       0E30
_col_sts                     bssCOMRAM    0031
_delay                       text28       0DA2
_door_sts                    bssCOMRAM    002E
_engine_sts                  bssCOMRAM    002F
_get_gear                    text25       0C84
_i2c_idle                    text20       1078
_i2c_no_ack                  text7        10C2
_i2c_read                    text5        108A
_i2c_rep_start               text4        10A2
_i2c_rx_mode                 text6        10AA
_i2c_start                   text19       10BA
_i2c_stop                    text18       10B2
_i2c_write                   text17       1096
_ind                         bssCOMRAM    002D
_init_adc                    text24       1004
_init_can                    text23       0D54
_init_clcd                   text21       0A68
_init_config                 text12       1020
_init_ds1307                 text15       0E6A
_init_i2c                    text14       103A
_init_matrix_keypad          text13       1066
_main                        text0        0602
_read_adc                    text11       0DEA
_read_brake                  text10       0F66
_read_col                    text9        0F34
_read_door_lock              text8        0F02
_read_ds1307                 text3        0F98
_read_engine                 text2        0ED0
_read_seat_belt              text1        0E9E
_read_switches               text26       0B9E
_scan_key                    text27       07F2
_write_ds1307                text16       0FE6
bcd_to_dec@b                 cstackCOMRAM 0005
can_transmit@buf             cstackCOMRAM 0001
can_transmit@size            cstackCOMRAM 0002
clcd_write@byte              cstackCOMRAM 0002
clcd_write@control_bit       cstackCOMRAM 0001
delay@factor                 cstackCOMRAM 0001
delay@i                      cstackCOMRAM 0005
delay@j                      cstackCOMRAM 0003
end_of_initialization        cinit        0FE0
get_gear@key                 cstackCOMRAM 0002
i2c_write@data               cstackCOMRAM 0001
intlevel0                    text         0000
intlevel1                    text         0000
intlevel2                    text         0000
intlevel3                    text         0000
isa$std                      (abs)        0001
isa$xinst                    (abs)        0000
main@brake                   cstackCOMRAM 000F
main@buf                     cstackCOMRAM 0014
main@col                     cstackCOMRAM 001C
main@door_lock               cstackCOMRAM 000D
main@engine                  cstackCOMRAM 001D
main@gear                    cstackCOMRAM 0010
main@hour                    cstackCOMRAM 0013
main@min                     cstackCOMRAM 0012
main@seat_belt               cstackCOMRAM 000E
main@sec                     cstackCOMRAM 0011
main@speed                   cstackCOMRAM 001E
read_adc@channel             cstackCOMRAM 0007
read_adc@reg_val             cstackCOMRAM 0005
read_brake@key               cstackCOMRAM 0002
read_col@key                 cstackCOMRAM 0002
read_door_lock@key           cstackCOMRAM 0002
read_ds1307@address          cstackCOMRAM 0002
read_ds1307@data             cstackCOMRAM 0003
read_engine@key              cstackCOMRAM 0002
read_seat_belt@key           cstackCOMRAM 0002
read_switches@detection_type cstackCOMRAM 0001
read_switches@key            bssCOMRAM    0033
read_switches@once           dataCOMRAM   0034
stackhi                      (abs)        0000
stacklo                      (abs)        0000
start                        init         7FFC
start_initialization         cinit        0FC2
write_ds1307@address         cstackCOMRAM 0003
write_ds1307@data            cstackCOMRAM 0002


MODULE INFORMATION

Module		Function		Class		Link	Load	Size
C:\Program Files\Microchip\xc8\v3.10\pic\sources\c99\common\lwmod.c
		___lwmod       		CODE           	0CF0	0000	100

C:\Program Files\Microchip\xc8\v3.10\pic\sources\c99\common\lwmod.c estimated size: 100

C:\Program Files\Microchip\xc8\v3.10\pic\sources\c99\common\awmod.c
		___awmod       		CODE           	09BA	0000	174

C:\Program Files\Microchip\xc8\v3.10\pic\sources\c99\common\awmod.c estimated size: 174

C:\Program Files\Microchip\xc8\v3.10\pic\sources\c99\common\lwdiv.c
		___lwdiv       		CODE           	0C12	0000	114

C:\Program Files\Microchip\xc8\v3.10\pic\sources\c99\common\lwdiv.c estimated size: 114

C:\Program Files\Microchip\xc8\v3.10\pic\sources\c99\common\awdiv.c
		___awdiv       		CODE           	08FA	0000	192

C:\Program Files\Microchip\xc8\v3.10\pic\sources\c99\common\awdiv.c estimated size: 192

shared
		__initialization		CODE           	0FC2	0000	30

shared estimated size: 30

main.c
		_init_matrix_keypad		CODE           	1066	0000	18
		_read_engine   		CODE           	0ED0	0000	50
		_clcd_write    		CODE           	0E30	0000	58
		_can_transmit  		CODE           	0B0E	0000	144
		_read_ds1307   		CODE           	0F98	0000	42
		_delay         		CODE           	0DA2	0000	72
		_i2c_start     		CODE           	10BA	0000	8
		_read_switches 		CODE           	0B9E	0000	116
		_write_ds1307  		CODE           	0FE6	0000	30
		_i2c_no_ack    		CODE           	10C2	0000	6
		_init_can      		CODE           	0D54	0000	78
		_bcd_to_dec    		CODE           	1050	0000	22
		_i2c_rep_start 		CODE           	10A2	0000	8
		_main          		CODE           	0602	0000	496
		_i2c_idle      		CODE           	1078	0000	18
		_init_adc      		CODE           	1004	0000	28
		_read_door_lock		CODE           	0F02	0000	50
		_i2c_write     		CODE           	1096	0000	12
		_scan_key      		CODE           	07F2	0000	264
		_get_gear      		CODE           	0C84	0000	108
		_read_brake    		CODE           	0F66	0000	50
		_read_adc      		CODE           	0DEA	0000	70
		_i2c_stop      		CODE           	10B2	0000	8
		_init_clcd     		CODE           	0A68	0000	166
		_i2c_read      		CODE           	108A	0000	12
		_init_config   		CODE           	1020	0000	26
		_init_i2c      		CODE           	103A	0000	22
		_read_seat_belt		CODE           	0E9E	0000	50
		_init_ds1307   		CODE           	0E6A	0000	52
		_i2c_rx_mode   		CODE           	10AA	0000	8
		_read_col      		CODE           	0F34	0000	50

main.c estimated size: 2142

