Microchip MPLAB XC8 Compiler V3.10

Linker command line:

-W-3 \
  --edf=C:\Program Files\Microchip\xc8\v3.10\pic\dat\20250813170317_en.msgs \
  -cn -h+dist/default/production\car_black_box.X.production.sym \
  --cmf=dist/default/production\car_black_box.X.production.cmf -z -Q18F4580 \
  -oC:\Users\sakth\AppData\Local\Temp\xcAs8yo.0\driver_tmp_3.o \
  --defsym=__MPLAB_BUILD=1 --fixupoverflow=error \
  -Mdist/default/production/car_black_box.X.production.map \
  --md=C:\Users\sakth\AppData\Local\Temp\xcAs8yo.0\driver_tmp_0.dat -E1 \
  -ver=XC8 Compiler -ACODE=00h-03000h -ACONST=00h-03000h \
  -ASMALLCONST=0600h-06FFhx42,03000h-03000h -AMEDIUMCONST=0600h-03000h \
  -ACOMRAM=01h-05Fh -AABS1=00h-05FFh -ABIGRAM=01h-05FFh \
  -ARAM=060h-0FFh,0100h-01FFhx5 -ABANK0=060h-0FFh -ABANK1=0100h-01FFh \
  -ABANK2=0200h-02FFh -ABANK3=0300h-03FFh -ABANK4=0400h-04FFh \
  -ABANK5=0500h-05FFh -ASFR=0D00h-0DFFhx2,0F00h-0F5Fh,0F60h-0FFFh \
  -ABIGSFR=0D00h-0FFFh -ACONFIG=0300000h-030000Dh -AIDLOC=0200000h-0200007h \
  -AEEDATA=0F00000h-0F000FFh -peeprom_data=EEDATA \
  -preset_vec=00h,intcode=8h,intcodelo=18h,sivt_lo,sivt_hi=CODE \
  -ppowerup=CODE,init -pramtop=0600h -psmallconst=SMALLCONST \
  -pmediumconst=MEDIUMCONST -pconst=CONST -AFARRAM=00h-00h \
  -prdata=COMRAM,nvrram=COMRAM,nvbit=COMRAM,rbss=COMRAM,rbit=COMRAM \
  -pfarbss=FARRAM,fardata=FARRAM,nvFARRAM=FARRAM \
  -pintsave_regs=BIGRAM,bigbss=BIGRAM,bigdata=BIGRAM -pbss=RAM \
  -pidata=CODE,irdata=CODE,ibigdata=CODE,ifardata=CODE -prparam=COMRAM \
  C:\Users\sakth\AppData\Local\Temp\xcAs8yo.0\driver_tmp_14.o \
  dist/default/production\car_black_box.X.production.o 

Object code version is 3.11

Machine type is 18F4580



                Name                               Link     Load   Length Selector   Space Scale
C:\Users\sakth\AppData\Local\Temp\xcAs8yo.0\driver_tmp_14.o
                init                               2FFC     2FFC        4     17FE       0
                reset_vec                             0        0        4        0       0
dist/default/production\car_black_box.X.production.o
                mediumconst                        2EF6     2EF6      106     177B       0
                text50                             1A2A     1A2A       B2      D15       0
                text49                             14F0     14F0       4E      A78       0
                text48                             13BA     13BA       3A      9DD       0
                text47                             1782     1782       A6      BC1       0
                text46                             116C     116C       12      8B6       0
                text45                             1134     1134        8      89A       0
                text44                             113C     113C        8      89E       0
                text43                             1154     1154        C      8AA       0
                text42                             11EA     11EA       1E      8F5       0
                text41                             12E8     12E8       34      974       0
                text40                             1190     1190       16      8C8       0
                text39                             117E     117E       12      8BF       0
                text38                             11A6     11A6       16      8D3       0
                text37                             112E     112E        6      897       0
                text36                             1144     1144        8      8A2       0
                text35                             1160     1160        C      8B0       0
                text34                             114C     114C        8      8A6       0
                text33                             1208     1208       2A      904       0
                text32                             2020     2020      118     1010       0
                text31                             1288     1288       2E      944       0
                text30                             2138     2138      132     109C       0
                text29                             125C     125C       2C      92E       0
                text28                             153E     153E       66      A9F       0
                text27                             1E02     1E02      108      F01       0
                text26                             1610     1610       76      B08       0
                text25                             1B92     1B92       C0      DC9       0
                text24                             197C     197C       AE      CBE       0
                text23                             12B6     12B6       32      95B       0
                text22                             1384     1384       36      9C2       0
                text21                             11BC     11BC       16      8DE       0
                text20                             15A4     15A4       6C      AD2       0
                text19                             1232     1232       2A      919       0
                text18                             1128     1128        2      894       0
                text17                             1828     1828       AA      C14       0
                text16                             1ADC     1ADC       B6      D6E       0
                text15                             131C     131C       34      98E       0
                text14                             13F4     13F4       3A      9FA       0
                text13                             16FE     16FE       84      B7F       0
                text12                             23BE     23BE      15A     11DF       0
                text11                             18D2     18D2       AA      C69       0
                text10                             226A     226A      154     1135       0
                text9                              2518     2518      2D4     128C       0
                text8                              146A     146A       42      A35       0
                text7                              1350     1350       34      9A8       0
                text6                              1C52     1C52       D4      E29       0
                text5                              11D2     11D2       18      8E9       0
                text4                              14AC     14AC       44      A56       0
                text3                              1686     1686       78      B43       0
                text2                              1F0A     1F0A      116      F85       0
                text1                              1D26     1D26       DC      E93       0
                text0                              27EC     27EC      70A     13F6       0
                cstackCOMRAM                          1        1       5C        1       1
                cstackBANK0                          B6       B6       30       60       1
                dataBANK0                            E6       E6        4       60       1
                bssBANK0                             60       60       56       60       1
                bssCOMRAM                            5D       5D        3        1       1
                cinit                              142E     142E       3C      A17       0
                idataBANK0                         112A     112A        4     112A       0

TOTAL           Name                               Link     Load   Length     Space
        CLASS   CODE           
                init                               2FFC     2FFC        4         0
                reset_vec                             0        0        4         0
                text50                             1A2A     1A2A       B2         0
                text49                             14F0     14F0       4E         0
                text48                             13BA     13BA       3A         0
                text47                             1782     1782       A6         0
                text46                             116C     116C       12         0
                text45                             1134     1134        8         0
                text44                             113C     113C        8         0
                text43                             1154     1154        C         0
                text42                             11EA     11EA       1E         0
                text41                             12E8     12E8       34         0
                text40                             1190     1190       16         0
                text39                             117E     117E       12         0
                text38                             11A6     11A6       16         0
                text37                             112E     112E        6         0
                text36                             1144     1144        8         0
                text35                             1160     1160        C         0
                text34                             114C     114C        8         0
                text33                             1208     1208       2A         0
                text32                             2020     2020      118         0
                text31                             1288     1288       2E         0
                text30                             2138     2138      132         0
                text29                             125C     125C       2C         0
                text28                             153E     153E       66         0
                text27                             1E02     1E02      108         0
                text26                             1610     1610       76         0
                text25                             1B92     1B92       C0         0
                text24                             197C     197C       AE         0
                text23                             12B6     12B6       32         0
                text22                             1384     1384       36         0
                text21                             11BC     11BC       16         0
                text20                             15A4     15A4       6C         0
                text19                             1232     1232       2A         0
                text18                             1128     1128        2         0
                text17                             1828     1828       AA         0
                text16                             1ADC     1ADC       B6         0
                text15                             131C     131C       34         0
                text14                             13F4     13F4       3A         0
                text13                             16FE     16FE       84         0
                text12                             23BE     23BE      15A         0
                text11                             18D2     18D2       AA         0
                text10                             226A     226A      154         0
                text9                              2518     2518      2D4         0
                text8                              146A     146A       42         0
                text7                              1350     1350       34         0
                text6                              1C52     1C52       D4         0
                text5                              11D2     11D2       18         0
                text4                              14AC     14AC       44         0
                text3                              1686     1686       78         0
                text2                              1F0A     1F0A      116         0
                text1                              1D26     1D26       DC         0
                text0                              27EC     27EC      70A         0
                cinit                              142E     142E       3C         0
                idataBANK0                         112A     112A        4         0

        CLASS   CONST          

        CLASS   SMALLCONST     

        CLASS   MEDIUMCONST    
                mediumconst                        2EF6     2EF6      106         0

        CLASS   COMRAM         
                cstackCOMRAM                          1        1       5C         1
                bssCOMRAM                            5D       5D        3         1

        CLASS   ABS1           

        CLASS   BIGRAM         

        CLASS   RAM            

        CLASS   BANK0          
                cstackBANK0                          B6       B6       30         1
                dataBANK0                            E6       E6        4         1
                bssBANK0                             60       60       56         1

        CLASS   BANK1          

        CLASS   BANK2          

        CLASS   BANK3          

        CLASS   BANK4          

        CLASS   BANK5          

        CLASS   SFR            

        CLASS   BIGSFR         

        CLASS   CONFIG         

        CLASS   IDLOC          

        CLASS   EEDATA         

        CLASS   FARRAM         

        CLASS   HEAP           

        CLASS   STACK          



SEGMENTS        Name                           Load    Length   Top    Selector   Space  Class

                reset_vec                      000000  000004  000004         0       0  CODE    
                cstackCOMRAM                   000001  00005F  000060         1       1  COMRAM  
                bssBANK0                       000060  00008A  0000EA        60       1  BANK0   
                text18                         001128  000002  00112A       894       0  CODE    
                idataBANK0                     00112A  000004  00112E      112A       0  CODE    
                text37                         00112E  000006  001134       897       0  CODE    
                text45                         001134  000008  00113C       89A       0  CODE    
                text44                         00113C  000008  001144       89E       0  CODE    
                text36                         001144  000008  00114C       8A2       0  CODE    
                text34                         00114C  000008  001154       8A6       0  CODE    
                text43                         001154  00000C  001160       8AA       0  CODE    
                text35                         001160  00000C  00116C       8B0       0  CODE    
                text46                         00116C  000012  00117E       8B6       0  CODE    
                text39                         00117E  000012  001190       8BF       0  CODE    
                text40                         001190  000016  0011A6       8C8       0  CODE    
                text38                         0011A6  000016  0011BC       8D3       0  CODE    
                text21                         0011BC  000016  0011D2       8DE       0  CODE    
                text5                          0011D2  000018  0011EA       8E9       0  CODE    
                text42                         0011EA  00001E  001208       8F5       0  CODE    
                text33                         001208  00002A  001232       904       0  CODE    
                text19                         001232  00002A  00125C       919       0  CODE    
                text29                         00125C  00002C  001288       92E       0  CODE    
                text31                         001288  00002E  0012B6       944       0  CODE    
                text23                         0012B6  000032  0012E8       95B       0  CODE    
                text41                         0012E8  000034  00131C       974       0  CODE    
                text15                         00131C  000034  001350       98E       0  CODE    
                text7                          001350  000034  001384       9A8       0  CODE    
                text22                         001384  000036  0013BA       9C2       0  CODE    
                text48                         0013BA  00003A  0013F4       9DD       0  CODE    
                text14                         0013F4  00003A  00142E       9FA       0  CODE    
                cinit                          00142E  00003C  00146A       A17       0  CODE    
                text8                          00146A  000042  0014AC       A35       0  CODE    
                text4                          0014AC  000044  0014F0       A56       0  CODE    
                text49                         0014F0  00004E  00153E       A78       0  CODE    
                text28                         00153E  000066  0015A4       A9F       0  CODE    
                text20                         0015A4  00006C  001610       AD2       0  CODE    
                text26                         001610  000076  001686       B08       0  CODE    
                text3                          001686  000078  0016FE       B43       0  CODE    
                text13                         0016FE  000084  001782       B7F       0  CODE    
                text47                         001782  0000A6  001828       BC1       0  CODE    
                text17                         001828  0000AA  0018D2       C14       0  CODE    
                text11                         0018D2  0000AA  00197C       C69       0  CODE    
                text24                         00197C  0000AE  001A2A       CBE       0  CODE    
                text50                         001A2A  0000B2  001ADC       D15       0  CODE    
                text16                         001ADC  0000B6  001B92       D6E       0  CODE    
                text25                         001B92  0000C0  001C52       DC9       0  CODE    
                text6                          001C52  0000D4  001D26       E29       0  CODE    
                text1                          001D26  0000DC  001E02       E93       0  CODE    
                text27                         001E02  000108  001F0A       F01       0  CODE    
                text2                          001F0A  000116  002020       F85       0  CODE    
                text32                         002020  000118  002138      1010       0  CODE    
                text30                         002138  000132  00226A      109C       0  CODE    
                text10                         00226A  000154  0023BE      1135       0  CODE    
                text12                         0023BE  00015A  002518      11DF       0  CODE    
                text9                          002518  0002D4  0027EC      128C       0  CODE    
                text0                          0027EC  00070A  002EF6      13F6       0  CODE    
                mediumconst                    002EF6  000106  002FFC      177B       0  MEDIUMCO
                init                           002FFC  000004  003000      17FE       0  CODE    


UNUSED ADDRESS RANGES

        Name                Unused          Largest block    Delta
        BANK0            00EA-00FF             16
        BANK1            0100-01FF            100
        BANK2            0200-02FF            100
        BANK3            0300-03FF            100
        BANK4            0400-04FF            100
        BANK5            0500-05FF            100
        BIGRAM           00EA-05FF            516
        BIGSFR           0D00-0FFF            300
        CODE             0004-1127           1124
                         3000-3000              1
        CONFIG           300000-30000D              E
        CONST            0004-1127           1124
                         3000-3000              1
        EEDATA           F00000-F000FF            100
        IDLOC            200000-200007              8
        MEDIUMCONST      0600-1127            B28
                         3000-3000              1
        RAM              00EA-05FF            100
        SFR              0D00-0FFF            100
        SMALLCONST       0600-1127            100
                         3000-3000              1

                                  Symbol Table

?___awdiv                        cstackCOMRAM 0001
?___awmod                        cstackCOMRAM 0001
?_abs                            cstackCOMRAM 0007
?_read_prec_or_width             cstackCOMRAM 0001
?_sprintf                        cstackCOMRAM 0034
?_vfprintf                       cstackCOMRAM 002E
_ACKDT                           (abs)        7E2D
_ACKEN                           (abs)        7E2C
_ACKSTAT                         (abs)        7E2E
_ADCON1                          (abs)        0FC1
_BCLIF                           (abs)        7D0B
_BRGCON1                         (abs)        0F70
_BRGCON2                         (abs)        0F71
_BRGCON3                         (abs)        0F72
_CANCON                          (abs)        0F6F
_CANSTAT                         (abs)        0F6E
_CKE                             (abs)        7E3E
_ECANCON                         (abs)        0F77
_PEN                             (abs)        7E2A
_PORTB                           (abs)        0F81
_PORTBbits                       (abs)        0F81
_PORTD                           (abs)        0F83
_RBPU                            (abs)        7F8F
_RC0                             (abs)        7C10
_RC1                             (abs)        7C11
_RC2                             (abs)        7C12
_RCEN                            (abs)        7E2B
_RD7                             (abs)        7C1F
_RSEN                            (abs)        7E29
_RXB0CON                         (abs)        0F60
_RXB0D0                          (abs)        0F66
_RXB0D1                          (abs)        0F67
_RXB0D2                          (abs)        0F68
_RXB0D3                          (abs)        0F69
_RXB0D4                          (abs)        0F6A
_RXB0D5                          (abs)        0F6B
_RXB0DLC                         (abs)        0F65
_RXB0FUL                         (abs)        7B07
_RXFCON0                         (abs)        0DD4
_SEN                             (abs)        7E28
_SMP                             (abs)        7E3F
_SSPADD                          (abs)        0FC8
_SSPBUF                          (abs)        0FC9
_SSPCON1                         (abs)        0FC6
_SSPIF                           (abs)        7CF3
_TRISB                           (abs)        0F93
_TRISB2                          (abs)        7C9A
_TRISB3                          (abs)        7C9B
_TRISC                           (abs)        0F94
_TRISC3                          (abs)        7CA3
_TRISC4                          (abs)        7CA4
_TRISD                           (abs)        0F95
_TRISD7                          (abs)        7CAF
__HRAM                           (abs)        0000
__H__absolute__                  __absolute__ 0000
__Habs1                          abs1         0000
__Hbank0                         bank0        0000
__Hbank1                         bank1        0000
__Hbank2                         bank2        0000
__Hbank3                         bank3        0000
__Hbank4                         bank4        0000
__Hbank5                         bank5        0000
__Hbigbss                        bigbss       0000
__Hbigdata                       bigdata      0000
__Hbigram                        bigram       0000
__Hbigsfr                        bigsfr       0000
__Hbss                           bss          0000
__HbssBANK0                      bssBANK0     0000
__HbssCOMRAM                     bssCOMRAM    0000
__Hcinit                         cinit        0000
__Hclrtext                       clrtext      0000
__Hcomram                        comram       0000
__Hconfig                        config       0000
__Hconst                         const        0000
__HcstackBANK0                   cstackBANK0  0000
__HcstackCOMRAM                  cstackCOMRAM 0000
__Hdata                          data         0000
__HdataBANK0                     dataBANK0    0000
__Heeprom_data                   eeprom_data  0000
__Hfarbss                        farbss       0000
__Hfardata                       fardata      0000
__Hheap                          heap         0000
__Hibigdata                      ibigdata     0000
__Hidata                         idata        0000
__HidataBANK0                    idataBANK0   0000
__Hidloc                         idloc        0000
__Hifardata                      ifardata     0000
__Hinit                          init         3000
__Hintcode                       intcode      0008
__Hintcode_body                  intcode_body 0000
__Hintcodelo                     intcodelo    0018
__Hintentry                      intentry     0000
__Hintret                        intret       0000
__Hintsave_regs                  intsave_regs 0000
__Hirdata                        irdata       0000
__Hmediumconst                   mediumconst  2FFC
__HnvFARRAM                      nvFARRAM     0000
__Hnvbit                         nvbit        0000
__Hnvrram                        nvrram       0000
__Hparam                         rparam       0000
__Hpowerup                       powerup      0000
__Hram                           ram          0000
__Hramtop                        ramtop       0600
__Hrbit                          rbit         0000
__Hrbss                          rbss         0000
__Hrdata                         rdata        0000
__Hreset_vec                     reset_vec    0004
__Hrparam                        rparam       0000
__Hsfr                           sfr          0000
__Hsivt_hi                       sivt_hi      0000
__Hsivt_lo                       sivt_lo      0018
__Hsmallconst                    smallconst   0000
__Hspace_0                       (abs)        3000
__Hspace_1                       (abs)        00EA
__Hspace_2                       (abs)        0000
__Hspace_4                       (abs)        0000
__Hstack                         stack        0000
__Hstruct                        struct       0000
__Htemp                          temp         0000
__Htext                          text         0000
__Htext0                         text0        0000
__Htext1                         text1        0000
__Htext10                        text10       0000
__Htext11                        text11       0000
__Htext12                        text12       0000
__Htext13                        text13       0000
__Htext14                        text14       0000
__Htext15                        text15       0000
__Htext16                        text16       0000
__Htext17                        text17       0000
__Htext18                        text18       0000
__Htext19                        text19       0000
__Htext2                         text2        0000
__Htext20                        text20       0000
__Htext21                        text21       0000
__Htext22                        text22       0000
__Htext23                        text23       0000
__Htext24                        text24       0000
__Htext25                        text25       0000
__Htext26                        text26       0000
__Htext27                        text27       0000
__Htext28                        text28       0000
__Htext29                        text29       0000
__Htext3                         text3        0000
__Htext30                        text30       0000
__Htext31                        text31       0000
__Htext32                        text32       0000
__Htext33                        text33       0000
__Htext34                        text34       0000
__Htext35                        text35       0000
__Htext36                        text36       0000
__Htext37                        text37       0000
__Htext38                        text38       0000
__Htext39                        text39       0000
__Htext4                         text4        0000
__Htext40                        text40       0000
__Htext41                        text41       0000
__Htext42                        text42       0000
__Htext43                        text43       0000
__Htext44                        text44       0000
__Htext45                        text45       0000
__Htext46                        text46       0000
__Htext47                        text47       0000
__Htext48                        text48       0000
__Htext49                        text49       0000
__Htext5                         text5        0000
__Htext50                        text50       0000
__Htext6                         text6        0000
__Htext7                         text7        0000
__Htext8                         text8        0000
__Htext9                         text9        0000
__LRAM                           (abs)        0001
__L__absolute__                  __absolute__ 0000
__Labs1                          abs1         0000
__Lbank0                         bank0        0000
__Lbank1                         bank1        0000
__Lbank2                         bank2        0000
__Lbank3                         bank3        0000
__Lbank4                         bank4        0000
__Lbank5                         bank5        0000
__Lbigbss                        bigbss       0000
__Lbigdata                       bigdata      0000
__Lbigram                        bigram       0000
__Lbigsfr                        bigsfr       0000
__Lbss                           bss          0000
__LbssBANK0                      bssBANK0     0000
__LbssCOMRAM                     bssCOMRAM    0000
__Lcinit                         cinit        0000
__Lclrtext                       clrtext      0000
__Lcomram                        comram       0000
__Lconfig                        config       0000
__Lconst                         const        0000
__LcstackBANK0                   cstackBANK0  0000
__LcstackCOMRAM                  cstackCOMRAM 0000
__Ldata                          data         0000
__LdataBANK0                     dataBANK0    0000
__Leeprom_data                   eeprom_data  0000
__Lfarbss                        farbss       0000
__Lfardata                       fardata      0000
__Lheap                          heap         0000
__Libigdata                      ibigdata     0000
__Lidata                         idata        0000
__LidataBANK0                    idataBANK0   0000
__Lidloc                         idloc        0000
__Lifardata                      ifardata     0000
__Linit                          init         2FFC
__Lintcode                       intcode      0008
__Lintcode_body                  intcode_body 0000
__Lintcodelo                     intcodelo    0018
__Lintentry                      intentry     0000
__Lintret                        intret       0000
__Lintsave_regs                  intsave_regs 0000
__Lirdata                        irdata       0000
__Lmediumconst                   mediumconst  2EF6
__LnvFARRAM                      nvFARRAM     0000
__Lnvbit                         nvbit        0000
__Lnvrram                        nvrram       0000
__Lparam                         rparam       0000
__Lpowerup                       powerup      0000
__Lram                           ram          0000
__Lramtop                        ramtop       0600
__Lrbit                          rbit         0000
__Lrbss                          rbss         0000
__Lrdata                         rdata        0000
__Lreset_vec                     reset_vec    0000
__Lrparam                        rparam       0000
__Lsfr                           sfr          0000
__Lsivt_hi                       sivt_hi      0000
__Lsivt_lo                       sivt_lo      0018
__Lsmallconst                    smallconst   0000
__Lspace_0                       (abs)        0000
__Lspace_1                       (abs)        0000
__Lspace_2                       (abs)        0000
__Lspace_4                       (abs)        0000
__Lstack                         stack        0000
__Lstruct                        struct       0000
__Ltemp                          temp         0000
__Ltext                          text         0000
__Ltext0                         text0        0000
__Ltext1                         text1        0000
__Ltext10                        text10       0000
__Ltext11                        text11       0000
__Ltext12                        text12       0000
__Ltext13                        text13       0000
__Ltext14                        text14       0000
__Ltext15                        text15       0000
__Ltext16                        text16       0000
__Ltext17                        text17       0000
__Ltext18                        text18       0000
__Ltext19                        text19       0000
__Ltext2                         text2        0000
__Ltext20                        text20       0000
__Ltext21                        text21       0000
__Ltext22                        text22       0000
__Ltext23                        text23       0000
__Ltext24                        text24       0000
__Ltext25                        text25       0000
__Ltext26                        text26       0000
__Ltext27                        text27       0000
__Ltext28                        text28       0000
__Ltext29                        text29       0000
__Ltext3                         text3        0000
__Ltext30                        text30       0000
__Ltext31                        text31       0000
__Ltext32                        text32       0000
__Ltext33                        text33       0000
__Ltext34                        text34       0000
__Ltext35                        text35       0000
__Ltext36                        text36       0000
__Ltext37                        text37       0000
__Ltext38                        text38       0000
__Ltext39                        text39       0000
__Ltext4                         text4        0000
__Ltext40                        text40       0000
__Ltext41                        text41       0000
__Ltext42                        text42       0000
__Ltext43                        text43       0000
__Ltext44                        text44       0000
__Ltext45                        text45       0000
__Ltext46                        text46       0000
__Ltext47                        text47       0000
__Ltext48                        text48       0000
__Ltext49                        text49       0000
__Ltext5                         text5        0000
__Ltext50                        text50       0000
__Ltext6                         text6        0000
__Ltext7                         text7        0000
__Ltext8                         text8        0000
__Ltext9                         text9        0000
__S0                             (abs)        3000
__S1                             (abs)        00EA
__S4                             (abs)        0000
__S5                             (abs)        0000
___awdiv                         text25       1B92
___awdiv@counter                 cstackCOMRAM 0005
___awdiv@dividend                cstackCOMRAM 0001
___awdiv@divisor                 cstackCOMRAM 0003
___awdiv@quotient                cstackCOMRAM 0007
___awdiv@sign                    cstackCOMRAM 0006
___awmod                         text24       197C
___awmod@counter                 cstackCOMRAM 0005
___awmod@dividend                cstackCOMRAM 0001
___awmod@divisor                 cstackCOMRAM 0003
___awmod@sign                    cstackCOMRAM 0006
___heap_hi                       (abs)        0000
___heap_lo                       (abs)        0000
___inthi_sp                      stack        0000
___inthi_stack_hi                stack        0000
___inthi_stack_lo                stack        0000
___intlo_sp                      stack        0000
___intlo_stack_hi                stack        0000
___intlo_stack_lo                stack        0000
___param_bank                    (abs)        0000
___rparam_used                   (abs)        0001
___sp                            stack        0000
___stack_hi                      stack        0000
___stack_lo                      stack        0000
__accesstop                      (abs)        0060
__activetblptr                   (abs)        0002
__end_of___awdiv                 text25       1C52
__end_of___awmod                 text24       1A2A
__end_of__initialization         cinit        1460
__end_of_abs                     text15       1350
__end_of_bcd_to_dec              text21       11D2
__end_of_can_task                text50       1ADC
__end_of_clcd_print              text20       1610
__end_of_clcd_putch              text5        11EA
__end_of_clcd_write              text48       13F4
__end_of_ctoa                    text16       1B92
__end_of_dec2bcd                 text23       12E8
__end_of_dtoa                    text12       2518
__end_of_eeprom_read_byte        text33       1232
__end_of_eeprom_read_event       text32       2138
__end_of_eeprom_shift_events     text29       1288
__end_of_eeprom_write_byte       text31       12B6
__end_of_eeprom_write_event      text30       226A
__end_of_fputc                   text17       18D2
__end_of_fputs                   text14       142E
__end_of_i2c_idle                text46       117E
__end_of_i2c_no_ack              text37       1134
__end_of_i2c_read                text35       116C
__end_of_i2c_rep_start           text34       1154
__end_of_i2c_rx_mode             text36       114C
__end_of_i2c_start               text45       113C
__end_of_i2c_stop                text44       1144
__end_of_i2c_write               text43       1160
__end_of_init_can                text49       153E
__end_of_init_clcd               text47       1828
__end_of_init_config             text38       11BC
__end_of_init_ds1307             text41       131C
__end_of_init_i2c                text40       11A6
__end_of_init_matrix_keypad      text39       1190
__end_of_log_event_conditionally text28       15A4
__end_of_main                    text0        2EF6
__end_of_pad                     text13       1782
__end_of_password                mediumconst  2EFB
__end_of_putch                   text18       112A
__end_of_read_ds1307             text19       125C
__end_of_read_prec_or_width      text11       197C
__end_of_read_switches           text26       1686
__end_of_rtc_write_time          text22       13BA
__end_of_scan_key                text27       1F0A
__end_of_screen_default          text6        1D26
__end_of_screen_login            text4        14F0
__end_of_screen_menu             text3        16FE
__end_of_screen_set_time         text2        2020
__end_of_screen_view_log         text1        1E02
__end_of_sprintf                 text7        1384
__end_of_stoa                    text10       23BE
__end_of_vfpfcnvrt               text9        27EC
__end_of_vfprintf                text8        14AC
__end_of_write_ds1307            text42       1208
__initialization                 cinit        142E
__mediumconst                    mediumconst  2EF6
__pbssBANK0                      bssBANK0     0060
__pbssCOMRAM                     bssCOMRAM    005D
__pcinit                         cinit        142E
__pcstackBANK0                   cstackBANK0  00B6
__pcstackCOMRAM                  cstackCOMRAM 0001
__pdataBANK0                     dataBANK0    00E6
__pidataBANK0                    idataBANK0   112A
__pmediumconst                   mediumconst  2EF6
__ptext0                         text0        27EC
__ptext1                         text1        1D26
__ptext10                        text10       226A
__ptext11                        text11       18D2
__ptext12                        text12       23BE
__ptext13                        text13       16FE
__ptext14                        text14       13F4
__ptext15                        text15       131C
__ptext16                        text16       1ADC
__ptext17                        text17       1828
__ptext18                        text18       1128
__ptext19                        text19       1232
__ptext2                         text2        1F0A
__ptext20                        text20       15A4
__ptext21                        text21       11BC
__ptext22                        text22       1384
__ptext23                        text23       12B6
__ptext24                        text24       197C
__ptext25                        text25       1B92
__ptext26                        text26       1610
__ptext27                        text27       1E02
__ptext28                        text28       153E
__ptext29                        text29       125C
__ptext3                         text3        1686
__ptext30                        text30       2138
__ptext31                        text31       1288
__ptext32                        text32       2020
__ptext33                        text33       1208
__ptext34                        text34       114C
__ptext35                        text35       1160
__ptext36                        text36       1144
__ptext37                        text37       112E
__ptext38                        text38       11A6
__ptext39                        text39       117E
__ptext4                         text4        14AC
__ptext40                        text40       1190
__ptext41                        text41       12E8
__ptext42                        text42       11EA
__ptext43                        text43       1154
__ptext44                        text44       113C
__ptext45                        text45       1134
__ptext46                        text46       116C
__ptext47                        text47       1782
__ptext48                        text48       13BA
__ptext49                        text49       14F0
__ptext5                         text5        11D2
__ptext50                        text50       1A2A
__ptext6                         text6        1C52
__ptext7                         text7        1350
__ptext8                         text8        146A
__ptext9                         text9        2518
__ramtop                         ramtop       0600
__smallconst                     mediumconst  2EF6
_abs                             text15       131C
_attempts_left                   dataBANK0    00E8
_bcd_to_dec                      text21       11BC
_blink                           dataBANK0    00E7
_blink_ms                        bssBANK0     0066
_can_speed                       bssBANK0     0082
_can_status                      bssBANK0     0060
_can_task                        text50       1A2A
_clcd_print                      text20       15A4
_clcd_putch                      text5        11D2
_clcd_write                      text48       13BA
_ctoa                            text16       1ADC
_dbuf                            bssBANK0     0096
_dec2bcd                         text23       12B6
_dtoa                            text12       23BE
_dtoa$1123                       cstackCOMRAM 0018
_eeprom_read_byte                text33       1208
_eeprom_read_event               text32       2020
_eeprom_shift_events             text29       125C
_eeprom_write_byte               text31       1288
_eeprom_write_event              text30       2138
_event_idx                       bssBANK0     0092
_event_no                        bssBANK0     008A
_field                           bssBANK0     0091
_flags                           bssCOMRAM    005F
_fputc                           text17       1828
_fputs                           text14       13F4
_hour                            bssBANK0     008D
_i2c_idle                        text46       116C
_i2c_no_ack                      text37       112E
_i2c_read                        text35       1160
_i2c_rep_start                   text34       114C
_i2c_rx_mode                     text36       1144
_i2c_start                       text45       1134
_i2c_stop                        text44       113C
_i2c_write                       text43       1154
_init_can                        text49       14F0
_init_clcd                       text47       1782
_init_config                     text38       11A6
_init_ds1307                     text41       12E8
_init_i2c                        text40       1190
_init_matrix_keypad              text39       117E
_is_collision                    bssBANK0     0094
_key                             bssBANK0     0095
_last_activity_ms                bssBANK0     0076
_last_key_ms                     bssBANK0     006E
_lcd_update_ms                   bssBANK0     007E
_lock_start_ms                   bssBANK0     006A
_log_event_conditionally         text28       153E
_logging_enabled                 dataBANK0    00E9
_login_locked                    bssBANK0     0088
_main                            text0        27EC
_menu                            bssBANK0     0093
_min                             bssBANK0     008E
_ms                              bssBANK0     007A
_pad                             text13       16FE
_password                        mediumconst  2EF7
_prec                            bssBANK0     0085
_putch                           text18       1128
_pwd_buf                         bssBANK0     0072
_pwd_idx                         bssBANK0     0089
_read_ds1307                     text19       1232
_read_prec_or_width              text11       18D2
_read_switches                   text26       1610
_rtc_write_time                  text22       1384
_scan_key                        text27       1E02
_screen_default                  text6        1C52
_screen_default$375              cstackBANK0  00C7
_screen_login                    text4        14AC
_screen_menu                     text3        1686
_screen_menu$385                 cstackCOMRAM 0006
_screen_menu$389                 cstackCOMRAM 0008
_screen_set_time                 text2        1F0A
_screen_view_log                 text1        1D26
_screen_view_log$416             cstackBANK0  00C7
_sec                             bssBANK0     008F
_speed_rx                        bssBANK0     008C
_sprintf                         text7        1350
_state                           bssBANK0     0090
_status_rx                       bssBANK0     008B
_stoa                            text10       226A
_vfpfcnvrt                       text9        2518
_vfprintf                        text8        146A
_width                           bssCOMRAM    005D
_write_ds1307                    text42       11EA
abs@a                            cstackCOMRAM 0007
bcd_to_dec@b                     cstackCOMRAM 0010
can_task@dlc                     cstackCOMRAM 0001
clcd_print@addr                  cstackCOMRAM 0005
clcd_print@data                  cstackCOMRAM 0003
clcd_putch@addr                  cstackCOMRAM 0003
clcd_putch@data                  cstackCOMRAM 0004
clcd_write@byte                  cstackCOMRAM 0002
clcd_write@control_bit           cstackCOMRAM 0001
ctoa@c                           cstackCOMRAM 000A
ctoa@fp                          cstackCOMRAM 0009
ctoa@l                           cstackCOMRAM 000C
ctoa@w                           cstackCOMRAM 000E
dec2bcd@d                        cstackCOMRAM 000B
dtoa@d                           cstackCOMRAM 0016
dtoa@fp                          cstackCOMRAM 0015
dtoa@i                           cstackCOMRAM 001E
dtoa@p                           cstackCOMRAM 001A
dtoa@s                           cstackCOMRAM 001D
dtoa@w                           cstackCOMRAM 001B
eeprom_read_byte@addr            cstackCOMRAM 000D
eeprom_read_byte@data            cstackCOMRAM 000E
eeprom_read_event@addr           cstackCOMRAM 0011
eeprom_read_event@e              cstackCOMRAM 000F
eeprom_read_event@index          cstackCOMRAM 0010
eeprom_shift_events@i            cstackCOMRAM 0013
eeprom_shift_events@temp         cstackCOMRAM 0014
eeprom_write_byte@addr           cstackCOMRAM 000F
eeprom_write_byte@data           cstackCOMRAM 000D
eeprom_write_event@addr          cstackCOMRAM 0012
eeprom_write_event@e             cstackCOMRAM 0010
eeprom_write_event@index         cstackCOMRAM 0011
end_of_initialization            cinit        1460
fputc@c                          cstackCOMRAM 0001
fputc@fp                         cstackCOMRAM 0003
fputs@c                          cstackCOMRAM 000B
fputs@fp                         cstackCOMRAM 000A
fputs@i                          cstackCOMRAM 000C
fputs@s                          cstackCOMRAM 0009
i2c_write@data                   cstackCOMRAM 000C
intlevel0                        text         0000
intlevel1                        text         0000
intlevel2                        text         0000
intlevel3                        text         0000
isa$std                          (abs)        0001
isa$xinst                        (abs)        0000
log_event_conditionally@e        cstackCOMRAM 0021
main@e                           cstackBANK0  00D9
main@i                           cstackBANK0  00D8
main@match                       cstackBANK0  00D7
pad@buf                          cstackCOMRAM 000F
pad@fp                           cstackCOMRAM 000E
pad@i                            cstackCOMRAM 0013
pad@p                            cstackCOMRAM 0010
read_ds1307@address              cstackCOMRAM 000D
read_ds1307@data                 cstackCOMRAM 000E
read_prec_or_width@ap            cstackCOMRAM 0002
read_prec_or_width@c             cstackCOMRAM 0005
read_prec_or_width@fmt           cstackCOMRAM 0001
read_prec_or_width@n             cstackCOMRAM 0006
read_switches@detection_type     cstackCOMRAM 0001
read_switches@key                bssBANK0     0087
read_switches@once               dataBANK0    00E6
rtc_write_time@hh                cstackCOMRAM 000F
rtc_write_time@mm                cstackCOMRAM 000D
rtc_write_time@ss                cstackCOMRAM 000E
screen_default@b                 cstackBANK0  00B6
screen_default@e                 cstackBANK0  00C9
screen_login@i                   cstackCOMRAM 0007
screen_login@stars               cstackCOMRAM 0006
screen_set_time@buf              cstackBANK0  00B6
screen_view_log@buf              cstackBANK0  00B6
screen_view_log@display_idx      cstackBANK0  00C9
screen_view_log@e                cstackBANK0  00CA
sprintf@ap                       cstackCOMRAM 0049
sprintf@f                        cstackCOMRAM 004A
sprintf@fmt                      cstackCOMRAM 0035
sprintf@s                        cstackCOMRAM 0034
stackhi                          (abs)        0000
stacklo                          (abs)        0000
start                            init         2FFC
start_initialization             cinit        142E
stoa@cp                          cstackCOMRAM 0012
stoa@fp                          cstackCOMRAM 0009
stoa@l                           cstackCOMRAM 0014
stoa@p                           cstackCOMRAM 000E
stoa@s                           cstackCOMRAM 000A
stoa@w                           cstackCOMRAM 0010
vfpfcnvrt@ap                     cstackCOMRAM 0022
vfpfcnvrt@c                      cstackCOMRAM 002A
vfpfcnvrt@convarg                cstackCOMRAM 0026
vfpfcnvrt@cp                     cstackCOMRAM 002B
vfpfcnvrt@done                   cstackCOMRAM 002D
vfpfcnvrt@fmt                    cstackCOMRAM 0021
vfpfcnvrt@fp                     cstackCOMRAM 0020
vfprintf@ap                      cstackCOMRAM 0031
vfprintf@cfmt                    cstackCOMRAM 0032
vfprintf@fmt                     cstackCOMRAM 002F
vfprintf@fp                      cstackCOMRAM 002E
write_ds1307@address             cstackCOMRAM 000E
write_ds1307@data                cstackCOMRAM 000D


MODULE INFORMATION

Module		Function		Class		Link	Load	Size
C:\Program Files\Microchip\xc8\v3.10\pic\sources\c99\common\awmod.c
		___awmod       		CODE           	197C	0000	174

C:\Program Files\Microchip\xc8\v3.10\pic\sources\c99\common\awmod.c estimated size: 174

C:\Program Files\Microchip\xc8\v3.10\pic\sources\c99\common\putch.c
		_putch         		CODE           	1128	0000	2

C:\Program Files\Microchip\xc8\v3.10\pic\sources\c99\common\putch.c estimated size: 2

C:\Program Files\Microchip\xc8\v3.10\pic\sources\c99\common\abs.c
		_abs           		CODE           	131C	0000	52

C:\Program Files\Microchip\xc8\v3.10\pic\sources\c99\common\abs.c estimated size: 52

C:\Program Files\Microchip\xc8\v3.10\pic\sources\c99\common\nf_fputs.c
		_fputs         		CODE           	13F4	0000	58

C:\Program Files\Microchip\xc8\v3.10\pic\sources\c99\common\nf_fputs.c estimated size: 58

C:\Program Files\Microchip\xc8\v3.10\pic\sources\c99\common\awdiv.c
		___awdiv       		CODE           	1B92	0000	192

C:\Program Files\Microchip\xc8\v3.10\pic\sources\c99\common\awdiv.c estimated size: 192

C:\Program Files\Microchip\xc8\v3.10\pic\sources\c99\common\nf_sprintf.c
		_sprintf       		CODE           	1350	0000	52

C:\Program Files\Microchip\xc8\v3.10\pic\sources\c99\common\nf_sprintf.c estimated size: 52

shared
		_password      		MEDIUMCONST    	2EF7	0000	4
		__initialization		CODE           	142E	0000	50

shared estimated size: 54

C:\Program Files\Microchip\xc8\v3.10\pic\sources\c99\common\nf_fputc.c
		_fputc         		CODE           	1828	0000	170

C:\Program Files\Microchip\xc8\v3.10\pic\sources\c99\common\nf_fputc.c estimated size: 170

C:\Program Files\Microchip\xc8\v3.10\pic\sources\c99\common\doprnt.c
		_read_prec_or_width		CODE           	18D2	0000	170
		_vfpfcnvrt     		CODE           	2518	0000	724
		_pad           		CODE           	16FE	0000	132
		_ctoa          		CODE           	1ADC	0000	182
		_dtoa          		CODE           	23BE	0000	346
		_vfprintf      		CODE           	146A	0000	66
		_stoa          		CODE           	226A	0000	340

C:\Program Files\Microchip\xc8\v3.10\pic\sources\c99\common\doprnt.c estimated size: 1960

main.c
		_init_matrix_keypad		CODE           	117E	0000	18
		_clcd_write    		CODE           	13BA	0000	58
		_eeprom_read_byte		CODE           	1208	0000	42
		_read_ds1307   		CODE           	1232	0000	42
		_i2c_start     		CODE           	1134	0000	8
		_read_switches 		CODE           	1610	0000	118
		_screen_set_time		CODE           	1F0A	0000	278
		_screen_view_log		CODE           	1D26	0000	220
		_write_ds1307  		CODE           	11EA	0000	30
		_i2c_no_ack    		CODE           	112E	0000	6
		_init_can      		CODE           	14F0	0000	78
		_eeprom_write_byte		CODE           	1288	0000	46
		_bcd_to_dec    		CODE           	11BC	0000	22
		_i2c_rep_start 		CODE           	114C	0000	8
		_eeprom_read_event		CODE           	2020	0000	280
		_main          		CODE           	27EC	0000	1802
		_log_event_conditionally		CODE           	153E	0000	102
		_rtc_write_time		CODE           	1384	0000	54
		_i2c_idle      		CODE           	116C	0000	18
		_can_task      		CODE           	1A2A	0000	178
		_dec2bcd       		CODE           	12B6	0000	50
		_clcd_print    		CODE           	15A4	0000	108
		_screen_menu   		CODE           	1686	0000	120
		_i2c_write     		CODE           	1154	0000	12
		_eeprom_shift_events		CODE           	125C	0000	44
		_screen_login  		CODE           	14AC	0000	68
		_clcd_putch    		CODE           	11D2	0000	24
		_eeprom_write_event		CODE           	2138	0000	306
		_scan_key      		CODE           	1E02	0000	264
		_i2c_stop      		CODE           	113C	0000	8
		_init_clcd     		CODE           	1782	0000	166
		_i2c_read      		CODE           	1160	0000	12
		_init_config   		CODE           	11A6	0000	22
		_screen_default		CODE           	1C52	0000	212
		_init_i2c      		CODE           	1190	0000	22
		_init_ds1307   		CODE           	12E8	0000	52
		_i2c_rx_mode   		CODE           	1144	0000	8

main.c estimated size: 4906

